// Jest Snapshot v1, https://goo.gl/fbAQLP

exports[`Tests on <TodoList /> should match to snapshot 1`] = `
<ul
  className="list-group list-group-flush"
>
  <TodoListItem
    dispatch={[MockFunction]}
    index={0}
    key="1"
    todo={
      Object {
        "desc": "learn React",
        "done": false,
        "id": 1,
      }
    }
  />
  <TodoListItem
    dispatch={[MockFunction]}
    index={1}
    key="2"
    todo={
      Object {
        "desc": "learn Mongo DB",
        "done": false,
        "id": 2,
      }
    }
  />
</ul>
`;
